Tensor<2,2,3>[[[2, 4, 6], [8, 1E1, 1.2E1]], [[1.4E1, 1.6E1, 1.8E1], [0, 1.6E1, 1.4E1]]]
Tensor<3,2,2>[[[1.1E1, 1.9E1], [2.7E1, 3.5E1]], [[4.3E1, 5.1E1], [5.9E1, 6.7E1]], [[7.5E1, 3], [6.7E1, 5.9E1]]]
7
Tensor<2,2,3>[[[1, 2, 3], [4, 5, 6]], [[7, 8, 9], [0, 8, 7]]]
0
1
DIM 0 = 3
0, 0
0, 1
0, 2
DIM 1 = 2
1, 0
1, 1
DIM 2 = 2
2, 0
2, 1
96
